../../Middlewares/ST/touchgfx/framework/include/mvp/MVPHeap.hpp:60:13:touchgfx::MVPHeap::~MVPHeap()	0	static
../../Middlewares/ST/touchgfx/framework/include/touchgfx/UIEventListener.hpp:44:18:virtual void touchgfx::UIEventListener::handleClickEvent(const touchgfx::ClickEvent&)	0	static
../../Middlewares/ST/touchgfx/framework/include/touchgfx/UIEventListener.hpp:54:18:virtual void touchgfx::UIEventListener::handleDragEvent(const touchgfx::DragEvent&)	0	static
../../Middlewares/ST/touchgfx/framework/include/touchgfx/UIEventListener.hpp:64:18:virtual void touchgfx::UIEventListener::handleGestureEvent(const touchgfx::GestureEvent&)	0	static
../../Middlewares/ST/touchgfx/framework/include/touchgfx/UIEventListener.hpp:74:18:virtual void touchgfx::UIEventListener::handleKeyEvent(uint8_t)	0	static
../../Middlewares/ST/touchgfx/framework/include/touchgfx/UIEventListener.hpp:83:18:virtual void touchgfx::UIEventListener::handleTickEvent()	0	static
../../Middlewares/ST/touchgfx/framework/include/touchgfx/UIEventListener.hpp:88:18:virtual void touchgfx::UIEventListener::handlePendingScreenTransition()	0	static
../../Middlewares/ST/touchgfx/framework/include/touchgfx/UIEventListener.hpp:93:13:touchgfx::UIEventListener::~UIEventListener()	0	static
../../Middlewares/ST/touchgfx/framework/include/touchgfx/Application.hpp:72:18:virtual void touchgfx::Application::changeToStartScreen()	0	static
../../Middlewares/ST/touchgfx/framework/include/touchgfx/Application.hpp:91:18:virtual void touchgfx::Application::appSwitchScreen(uint8_t)	0	static
../../Middlewares/ST/touchgfx/framework/include/touchgfx/Application.hpp:104:18:virtual void touchgfx::Application::requestRedraw(touchgfx::Rect&)	0	static
../../Middlewares/ST/touchgfx/framework/include/mvp/MVPApplication.hpp:43:7:touchgfx::MVPApplication::~MVPApplication()	0	static
../../TouchGFX/generated/gui_generated/include/gui_generated/common/FrontendApplicationBase.hpp:16:13:FrontendApplicationBase::~FrontendApplicationBase()	0	static
../../TouchGFX/gui/include/gui/common/FrontendApplication.hpp:14:13:FrontendApplication::~FrontendApplication()	0	static
../../TouchGFX/generated/gui_generated/include/gui_generated/common/FrontendHeapBase.hpp:32:7:FrontendHeapBase::~FrontendHeapBase()	0	static
../../TouchGFX/target/STM32TouchController.hpp:36:7:STM32TouchController::~STM32TouchController()	0	static
../../Middlewares/ST/touchgfx/framework/include/platform/driver/lcd/LCD16bpp.hpp:39:7:touchgfx::LCD16bpp::~LCD16bpp()	0	static
../../Middlewares/ST/touchgfx/framework/include/touchgfx/VectorFontRendererImpl.hpp:29:7:touchgfx::VectorFontRendererImpl::~VectorFontRendererImpl()	0	static
../../TouchGFX/generated/fonts/include/fonts/ApplicationFontProvider.hpp:33:7:ApplicationFontProvider::~ApplicationFontProvider()	0	static
../../TouchGFX/target/TouchGFXHAL.hpp:34:7:TouchGFXHAL::~TouchGFXHAL()	0	static
../../Middlewares/ST/touchgfx/framework/include/touchgfx/Callback.hpp:424:8:touchgfx::Callback<FrontendApplicationBase>::~Callback()	0	static
../../Middlewares/ST/touchgfx/framework/include/common/Partition.hpp:58:22:uint16_t touchgfx::Partition<ListOfTypes, NUMBER_OF_ELEMENTS>::capacity() const [with ListOfTypes = touchgfx::meta::TypeList<touchgfx::NoTransition, touchgfx::meta::TypeList<touchgfx::meta::Nil, touchgfx::meta::Nil> >; short unsigned int NUMBER_OF_ELEMENTS = 1]	0	static
../../Middlewares/ST/touchgfx/framework/include/common/Partition.hpp:63:22:uint32_t touchgfx::Partition<ListOfTypes, NUMBER_OF_ELEMENTS>::element_size() [with ListOfTypes = touchgfx::meta::TypeList<touchgfx::NoTransition, touchgfx::meta::TypeList<touchgfx::meta::Nil, touchgfx::meta::Nil> >; short unsigned int NUMBER_OF_ELEMENTS = 1]	0	static
../../Middlewares/ST/touchgfx/framework/include/common/Partition.hpp:69:19:void* touchgfx::Partition<ListOfTypes, NUMBER_OF_ELEMENTS>::element(uint16_t) [with ListOfTypes = touchgfx::meta::TypeList<touchgfx::NoTransition, touchgfx::meta::TypeList<touchgfx::meta::Nil, touchgfx::meta::Nil> >; short unsigned int NUMBER_OF_ELEMENTS = 1]	0	static
../../Middlewares/ST/touchgfx/framework/include/common/Partition.hpp:74:25:const void* touchgfx::Partition<ListOfTypes, NUMBER_OF_ELEMENTS>::element(uint16_t) const [with ListOfTypes = touchgfx::meta::TypeList<touchgfx::NoTransition, touchgfx::meta::TypeList<touchgfx::meta::Nil, touchgfx::meta::Nil> >; short unsigned int NUMBER_OF_ELEMENTS = 1]	0	static
../../Middlewares/ST/touchgfx/framework/include/common/Partition.hpp:58:22:uint16_t touchgfx::Partition<ListOfTypes, NUMBER_OF_ELEMENTS>::capacity() const [with ListOfTypes = touchgfx::meta::TypeList<Screen1View, touchgfx::meta::TypeList<touchgfx::meta::Nil, touchgfx::meta::Nil> >; short unsigned int NUMBER_OF_ELEMENTS = 1]	0	static
../../Middlewares/ST/touchgfx/framework/include/common/Partition.hpp:63:22:uint32_t touchgfx::Partition<ListOfTypes, NUMBER_OF_ELEMENTS>::element_size() [with ListOfTypes = touchgfx::meta::TypeList<Screen1View, touchgfx::meta::TypeList<touchgfx::meta::Nil, touchgfx::meta::Nil> >; short unsigned int NUMBER_OF_ELEMENTS = 1]	0	static
../../Middlewares/ST/touchgfx/framework/include/common/Partition.hpp:69:19:void* touchgfx::Partition<ListOfTypes, NUMBER_OF_ELEMENTS>::element(uint16_t) [with ListOfTypes = touchgfx::meta::TypeList<Screen1View, touchgfx::meta::TypeList<touchgfx::meta::Nil, touchgfx::meta::Nil> >; short unsigned int NUMBER_OF_ELEMENTS = 1]	0	static
../../Middlewares/ST/touchgfx/framework/include/common/Partition.hpp:74:25:const void* touchgfx::Partition<ListOfTypes, NUMBER_OF_ELEMENTS>::element(uint16_t) const [with ListOfTypes = touchgfx::meta::TypeList<Screen1View, touchgfx::meta::TypeList<touchgfx::meta::Nil, touchgfx::meta::Nil> >; short unsigned int NUMBER_OF_ELEMENTS = 1]	0	static
../../Middlewares/ST/touchgfx/framework/include/common/Partition.hpp:58:22:uint16_t touchgfx::Partition<ListOfTypes, NUMBER_OF_ELEMENTS>::capacity() const [with ListOfTypes = touchgfx::meta::TypeList<Screen1Presenter, touchgfx::meta::TypeList<touchgfx::meta::Nil, touchgfx::meta::Nil> >; short unsigned int NUMBER_OF_ELEMENTS = 1]	0	static
../../Middlewares/ST/touchgfx/framework/include/common/Partition.hpp:63:22:uint32_t touchgfx::Partition<ListOfTypes, NUMBER_OF_ELEMENTS>::element_size() [with ListOfTypes = touchgfx::meta::TypeList<Screen1Presenter, touchgfx::meta::TypeList<touchgfx::meta::Nil, touchgfx::meta::Nil> >; short unsigned int NUMBER_OF_ELEMENTS = 1]	0	static
../../Middlewares/ST/touchgfx/framework/include/common/Partition.hpp:69:19:void* touchgfx::Partition<ListOfTypes, NUMBER_OF_ELEMENTS>::element(uint16_t) [with ListOfTypes = touchgfx::meta::TypeList<Screen1Presenter, touchgfx::meta::TypeList<touchgfx::meta::Nil, touchgfx::meta::Nil> >; short unsigned int NUMBER_OF_ELEMENTS = 1]	0	static
../../Middlewares/ST/touchgfx/framework/include/common/Partition.hpp:74:25:const void* touchgfx::Partition<ListOfTypes, NUMBER_OF_ELEMENTS>::element(uint16_t) const [with ListOfTypes = touchgfx::meta::TypeList<Screen1Presenter, touchgfx::meta::TypeList<touchgfx::meta::Nil, touchgfx::meta::Nil> >; short unsigned int NUMBER_OF_ELEMENTS = 1]	0	static
../../Middlewares/ST/touchgfx/framework/include/touchgfx/Callback.hpp:449:18:void touchgfx::Callback<dest_type, void, void, void>::execute() [with dest_type = FrontendApplicationBase]	8	static
../../Middlewares/ST/touchgfx/framework/include/touchgfx/Callback.hpp:459:18:bool touchgfx::Callback<dest_type, void, void, void>::isValid() const [with dest_type = FrontendApplicationBase]	0	static
../../Middlewares/ST/touchgfx/framework/include/touchgfx/UIEventListener.hpp:93:13:virtual touchgfx::UIEventListener::~UIEventListener()	8	static
../../TouchGFX/generated/gui_generated/include/gui_generated/common/FrontendHeapBase.hpp:32:7:virtual FrontendHeapBase::~FrontendHeapBase()	8	static
../../Middlewares/ST/touchgfx/framework/include/mvp/MVPHeap.hpp:60:13:virtual touchgfx::MVPHeap::~MVPHeap()	8	static
../../Middlewares/ST/touchgfx/framework/include/touchgfx/Callback.hpp:424:8:virtual touchgfx::Callback<FrontendApplicationBase>::~Callback()	8	static
../../Middlewares/ST/touchgfx/framework/include/mvp/MVPApplication.hpp:43:7:virtual touchgfx::MVPApplication::~MVPApplication()	8	static
../../TouchGFX/generated/gui_generated/include/gui_generated/common/FrontendApplicationBase.hpp:16:13:virtual FrontendApplicationBase::~FrontendApplicationBase()	8	static
../../TouchGFX/gui/include/gui/common/FrontendApplication.hpp:14:13:virtual FrontendApplication::~FrontendApplication()	8	static
../../TouchGFX/generated/gui_generated/include/gui_generated/common/FrontendHeapBase.hpp:74:18:virtual void FrontendHeapBase::gotoStartScreen(FrontendApplication&)	8	static
../../TouchGFX/generated/gui_generated/include/gui_generated/common/FrontendApplicationBase.hpp:18:18:virtual void FrontendApplicationBase::changeToStartScreen()	8	static
../../TouchGFX/gui/include/gui/common/FrontendApplication.hpp:16:18:virtual void FrontendApplication::handleTickEvent()	8	static
../../Middlewares/ST/touchgfx/framework/include/common/Partition.hpp:42:7:touchgfx::Partition<touchgfx::meta::TypeList<touchgfx::NoTransition, touchgfx::meta::TypeList<touchgfx::meta::Nil, touchgfx::meta::Nil> >, 1>::~Partition()	8	static
../../Middlewares/ST/touchgfx/framework/include/common/Partition.hpp:42:7:virtual touchgfx::Partition<touchgfx::meta::TypeList<touchgfx::NoTransition, touchgfx::meta::TypeList<touchgfx::meta::Nil, touchgfx::meta::Nil> >, 1>::~Partition()	8	static
../../Middlewares/ST/touchgfx/framework/include/common/Partition.hpp:42:7:touchgfx::Partition<touchgfx::meta::TypeList<Screen1View, touchgfx::meta::TypeList<touchgfx::meta::Nil, touchgfx::meta::Nil> >, 1>::~Partition()	8	static
../../Middlewares/ST/touchgfx/framework/include/common/Partition.hpp:42:7:virtual touchgfx::Partition<touchgfx::meta::TypeList<Screen1View, touchgfx::meta::TypeList<touchgfx::meta::Nil, touchgfx::meta::Nil> >, 1>::~Partition()	8	static
../../Middlewares/ST/touchgfx/framework/include/common/Partition.hpp:42:7:touchgfx::Partition<touchgfx::meta::TypeList<Screen1Presenter, touchgfx::meta::TypeList<touchgfx::meta::Nil, touchgfx::meta::Nil> >, 1>::~Partition()	8	static
../../Middlewares/ST/touchgfx/framework/include/common/Partition.hpp:42:7:virtual touchgfx::Partition<touchgfx::meta::TypeList<Screen1Presenter, touchgfx::meta::TypeList<touchgfx::meta::Nil, touchgfx::meta::Nil> >, 1>::~Partition()	8	static
../../TouchGFX/gui/include/gui/common/FrontendHeap.hpp:6:7:FrontendHeap::~FrontendHeap()	8	static
../../TouchGFX/gui/include/gui/common/FrontendHeap.hpp:6:7:virtual FrontendHeap::~FrontendHeap()	8	static
../../Middlewares/ST/touchgfx/framework/include/touchgfx/hal/HAL.hpp:55:5:touchgfx::HAL::HAL(touchgfx::DMA_Interface&, touchgfx::LCD&, touchgfx::TouchController&, uint16_t, uint16_t)	12	static
D:/TouchGFX/Calculeuse/TouchGFX/target/generated/TouchGFXConfiguration.cpp:77:1:void __static_initialization_and_destruction_0(int, int)	32	static
../../Middlewares/ST/touchgfx/framework/include/mvp/MVPApplication.hpp:73:10:void touchgfx::MVPApplication::evaluatePendingScreenTransition()	8	static
../../Middlewares/ST/touchgfx/framework/include/mvp/MVPApplication.hpp:59:18:virtual void touchgfx::MVPApplication::handlePendingScreenTransition()	8	static
../../TouchGFX/gui/include/gui/common/FrontendHeap.hpp:67:5:FrontendHeap::FrontendHeap()	24	static
../../TouchGFX/gui/include/gui/common/FrontendHeap.hpp:54:26:static FrontendHeap& FrontendHeap::getInstance()	8	static
D:/TouchGFX/Calculeuse/TouchGFX/target/generated/TouchGFXConfiguration.cpp:42:6:void touchgfx_init()	24	static
D:/TouchGFX/Calculeuse/TouchGFX/target/generated/TouchGFXConfiguration.cpp:64:6:void touchgfx_components_init()	0	static
D:/TouchGFX/Calculeuse/TouchGFX/target/generated/TouchGFXConfiguration.cpp:68:6:void touchgfx_taskEntry()	8	static
../../TouchGFX/target/STM32TouchController.hpp:36:7:virtual STM32TouchController::~STM32TouchController()	8	static
../../Middlewares/ST/touchgfx/framework/include/platform/driver/lcd/LCD16bpp.hpp:39:7:virtual touchgfx::LCD16bpp::~LCD16bpp()	8	static
../../Middlewares/ST/touchgfx/framework/include/touchgfx/VectorFontRendererImpl.hpp:29:7:virtual touchgfx::VectorFontRendererImpl::~VectorFontRendererImpl()	8	static
../../TouchGFX/generated/fonts/include/fonts/ApplicationFontProvider.hpp:33:7:virtual ApplicationFontProvider::~ApplicationFontProvider()	8	static
../../TouchGFX/target/TouchGFXHAL.hpp:34:7:virtual TouchGFXHAL::~TouchGFXHAL()	8	static
D:/TouchGFX/Calculeuse/TouchGFX/target/generated/TouchGFXConfiguration.cpp:77:1:cpp)	8	static
