../../TouchGFX/gui/include/gui/screen1_screen/Screen1Presenter.hpp:27:10:Screen1Presenter::~Screen1Presenter()	0	static
D:/TouchGFX/Calculeuse/TouchGFX/gui/src/screen1_screen/Screen1Presenter.cpp:9:6:virtual void Screen1Presenter::activate()	0	static
../../TouchGFX/gui/include/gui/screen1_screen/Screen1Presenter.hpp:27:10:virtual Screen1Presenter::~Screen1Presenter()	8	static
D:/TouchGFX/Calculeuse/TouchGFX/gui/src/screen1_screen/Screen1Presenter.cpp:48:6:virtual void Screen1Presenter::displayX(int8_t*, int8_t)	0	static
D:/TouchGFX/Calculeuse/TouchGFX/gui/src/screen1_screen/Screen1Presenter.cpp:53:6:virtual void Screen1Presenter::displayDebugX(int32_t)	0	static
D:/TouchGFX/Calculeuse/TouchGFX/gui/src/screen1_screen/Screen1Presenter.cpp:58:6:virtual void Screen1Presenter::displayDebugY(int32_t)	0	static
../../TouchGFX/gui/include/gui/screen1_screen/Screen1Presenter.hpp:27:10:virtual void* Screen1Presenter::_ZThn4_N16Screen1PresenterD1Ev()	0	static
D:/TouchGFX/Calculeuse/TouchGFX/gui/src/screen1_screen/Screen1Presenter.cpp:4:1:Screen1Presenter::Screen1Presenter(Screen1View&)	0	static
D:/TouchGFX/Calculeuse/TouchGFX/gui/src/screen1_screen/Screen1Presenter.cpp:19:6:void Screen1Presenter::razX_ButtonClicked()	0	static
D:/TouchGFX/Calculeuse/TouchGFX/gui/src/screen1_screen/Screen1Presenter.cpp:24:6:void Screen1Presenter::razY_ButtonClicked()	0	static
D:/TouchGFX/Calculeuse/TouchGFX/gui/src/screen1_screen/Screen1Presenter.cpp:29:6:void Screen1Presenter::add_XY_ButtonClicked()	0	static
D:/TouchGFX/Calculeuse/TouchGFX/gui/src/screen1_screen/Screen1Presenter.cpp:35:6:void Screen1Presenter::updateNumberX(int8_t, int8_t)	0	static
D:/TouchGFX/Calculeuse/TouchGFX/gui/src/screen1_screen/Screen1Presenter.cpp:41:6:void Screen1Presenter::updateNumberY(int8_t, int8_t)	0	static
