../../Drivers/CMSIS/Include/core_cm7.h:2229:22:SCB_EnableICache	0	static,ignoring_inline_asm
../../Drivers/CMSIS/Include/core_cm7.h:2281:22:SCB_EnableDCache	4	static,ignoring_inline_asm
D:/TouchGFX/Calculeuse/Core/Src/main.c:700:6:MPU_Config	32	static
D:/TouchGFX/Calculeuse/Core/Src/main.c:603:13:MX_GPIO_Init	104	static
D:/TouchGFX/Calculeuse/Core/Src/main.c:287:13:MX_CRC_Init	8	static
D:/TouchGFX/Calculeuse/Core/Src/main.c:318:13:MX_DMA2D_Init	8	static
D:/TouchGFX/Calculeuse/Core/Src/main.c:499:13:MX_FMC_Init	72	static
D:/TouchGFX/Calculeuse/Core/Src/main.c:355:13:MX_I2C3_Init	16	static
D:/TouchGFX/Calculeuse/Core/Src/main.c:403:13:MX_LTDC_Init	72	static
D:/TouchGFX/Calculeuse/Core/Src/main.c:465:13:MX_QUADSPI_Init	8	static
D:/TouchGFX/Calculeuse/Core/Src/main.c:687:6:StartDefaultTask	8	static
D:/TouchGFX/Calculeuse/Core/Src/main.c:234:6:SystemClock_Config	96	static
D:/TouchGFX/Calculeuse/Core/Src/main.c:127:5:main	8	static
D:/TouchGFX/Calculeuse/Core/Src/main.c:743:6:HAL_TIM_PeriodElapsedCallback	8	static
D:/TouchGFX/Calculeuse/Core/Src/main.c:760:6:Error_Handler	0	static
