D:/TouchGFX/Calculeuse/TouchGFX/gui/src/model/Model.cpp:11:6:void Model::tick()	0	static
D:/TouchGFX/Calculeuse/TouchGFX/gui/src/model/Model.cpp:15:6:void Model::reset_X()	0	static
D:/TouchGFX/Calculeuse/TouchGFX/gui/src/model/Model.cpp:24:6:void Model::reset_Y()	0	static
D:/TouchGFX/Calculeuse/TouchGFX/gui/src/model/Model.cpp:5:1:Model::Model()	8	static
D:/TouchGFX/Calculeuse/TouchGFX/gui/src/model/Model.cpp:33:6:void Model::addXY()	8	static
D:/TouchGFX/Calculeuse/TouchGFX/gui/src/model/Model.cpp:53:6:void Model::subXY()	8	static
D:/TouchGFX/Calculeuse/TouchGFX/gui/src/model/Model.cpp:72:6:void Model::mulXY()	8	static
D:/TouchGFX/Calculeuse/TouchGFX/gui/src/model/Model.cpp:91:6:void Model::divXY()	16	static
D:/TouchGFX/Calculeuse/TouchGFX/gui/src/model/Model.cpp:113:6:void Model::update_NumberX(int8_t, int8_t)	0	static
D:/TouchGFX/Calculeuse/TouchGFX/gui/src/model/Model.cpp:126:6:void Model::update_NumberY(int8_t, int8_t)	0	static
