../../Middlewares/ST/touchgfx/framework/include/mvp/Presenter.hpp:37:18:virtual void touchgfx::Presenter::activate()	0	static
../../Middlewares/ST/touchgfx/framework/include/mvp/Presenter.hpp:47:18:virtual void touchgfx::Presenter::deactivate()	0	static
../../Middlewares/ST/touchgfx/framework/include/mvp/Presenter.hpp:52:13:touchgfx::Presenter::~Presenter()	0	static
../../TouchGFX/gui/include/gui/model/ModelListener.hpp:22:10:ModelListener::~ModelListener()	0	static
../../TouchGFX/gui/include/gui/model/ModelListener.hpp:33:15:virtual void ModelListener::displayX(int8_t*, int8_t)	0	static
../../TouchGFX/gui/include/gui/model/ModelListener.hpp:34:15:virtual void ModelListener::displayR(int32_t)	0	static
../../TouchGFX/gui/include/gui/model/ModelListener.hpp:35:15:virtual void ModelListener::sendMessage(MessageX)	0	static
../../TouchGFX/gui/include/gui/model/ModelListener.hpp:36:15:virtual void ModelListener::displayDebugX(int32_t)	0	static
../../TouchGFX/gui/include/gui/model/ModelListener.hpp:37:15:virtual void ModelListener::displayDebugY(int32_t)	0	static
../../TouchGFX/gui/include/gui/screen1_screen/Screen1Presenter.hpp:27:10:Screen1Presenter::~Screen1Presenter()	0	static
D:/TouchGFX/Calculeuse/TouchGFX/gui/src/screen1_screen/Screen1Presenter.cpp:9:6:virtual void Screen1Presenter::activate()	0	static
D:/TouchGFX/Calculeuse/TouchGFX/gui/src/screen1_screen/Screen1Presenter.cpp:13:6:virtual void Screen1Presenter::deactivate()	0	static
../../Middlewares/ST/touchgfx/framework/include/mvp/Presenter.hpp:52:13:virtual touchgfx::Presenter::~Presenter()	8	static
../../TouchGFX/gui/include/gui/model/ModelListener.hpp:22:10:virtual ModelListener::~ModelListener()	8	static
../../TouchGFX/gui/include/gui/screen1_screen/Screen1Presenter.hpp:27:10:virtual Screen1Presenter::~Screen1Presenter()	8	static
D:/TouchGFX/Calculeuse/TouchGFX/gui/src/screen1_screen/Screen1Presenter.cpp:66:6:virtual void Screen1Presenter::displayX(int8_t*, int8_t)	8	static
D:/TouchGFX/Calculeuse/TouchGFX/gui/src/screen1_screen/Screen1Presenter.cpp:71:6:virtual void Screen1Presenter::displayR(int32_t)	8	static
D:/TouchGFX/Calculeuse/TouchGFX/gui/src/screen1_screen/Screen1Presenter.cpp:77:6:virtual void Screen1Presenter::sendMessage(MessageX)	8	static
D:/TouchGFX/Calculeuse/TouchGFX/gui/src/screen1_screen/Screen1Presenter.cpp:82:6:virtual void Screen1Presenter::displayDebugX(int32_t)	8	static
D:/TouchGFX/Calculeuse/TouchGFX/gui/src/screen1_screen/Screen1Presenter.cpp:87:6:virtual void Screen1Presenter::displayDebugY(int32_t)	8	static
D:/TouchGFX/Calculeuse/TouchGFX/gui/src/screen1_screen/Screen1Presenter.cpp:4:1:Screen1Presenter::Screen1Presenter(Screen1View&)	0	static
D:/TouchGFX/Calculeuse/TouchGFX/gui/src/screen1_screen/Screen1Presenter.cpp:19:6:void Screen1Presenter::razX_ButtonClicked()	8	static
D:/TouchGFX/Calculeuse/TouchGFX/gui/src/screen1_screen/Screen1Presenter.cpp:24:6:void Screen1Presenter::razY_ButtonClicked()	8	static
D:/TouchGFX/Calculeuse/TouchGFX/gui/src/screen1_screen/Screen1Presenter.cpp:29:6:void Screen1Presenter::add_XY_ButtonClicked()	8	static
D:/TouchGFX/Calculeuse/TouchGFX/gui/src/screen1_screen/Screen1Presenter.cpp:35:6:void Screen1Presenter::sub_XY_ButtonClicked()	8	static
D:/TouchGFX/Calculeuse/TouchGFX/gui/src/screen1_screen/Screen1Presenter.cpp:41:6:void Screen1Presenter::mul_XY_ButtonClicked()	8	static
D:/TouchGFX/Calculeuse/TouchGFX/gui/src/screen1_screen/Screen1Presenter.cpp:47:6:void Screen1Presenter::div_XY_ButtonClicked()	8	static
D:/TouchGFX/Calculeuse/TouchGFX/gui/src/screen1_screen/Screen1Presenter.cpp:53:6:void Screen1Presenter::updateNumberX(int8_t, int8_t)	8	static
D:/TouchGFX/Calculeuse/TouchGFX/gui/src/screen1_screen/Screen1Presenter.cpp:59:6:void Screen1Presenter::updateNumberY(int8_t, int8_t)	8	static
