../../Middlewares/ST/touchgfx/framework/include/touchgfx/Screen.hpp:104:18:virtual void touchgfx::Screen::afterTransition()	0	static
../../Middlewares/ST/touchgfx/framework/include/touchgfx/Screen.hpp:144:18:virtual void touchgfx::Screen::handleTickEvent()	0	static
../../Middlewares/ST/touchgfx/framework/include/touchgfx/Screen.hpp:154:18:virtual void touchgfx::Screen::handleKeyEvent(uint8_t)	0	static
D:/TouchGFX/Calculeuse/TouchGFX/gui/src/screen1_screen/Screen1View.cpp:11:6:virtual void Screen1View::tearDownScreen()	0	static
D:/TouchGFX/Calculeuse/TouchGFX/gui/src/screen1_screen/Screen1View.cpp:27:6:virtual void Screen1View::digitX0_scrollWheelUpdateCenterItem(digitX0_CustomContainer&, int16_t)	0	static
D:/TouchGFX/Calculeuse/TouchGFX/gui/src/screen1_screen/Screen1View.cpp:38:6:virtual void Screen1View::digitX1_scrollWheelUpdateCenterItem(digitX1_CustomContainer&, int16_t)	0	static
D:/TouchGFX/Calculeuse/TouchGFX/gui/src/screen1_screen/Screen1View.cpp:49:6:virtual void Screen1View::digitX2_scrollWheelUpdateCenterItem(digitX2_CustomContainer&, int16_t)	0	static
D:/TouchGFX/Calculeuse/TouchGFX/gui/src/screen1_screen/Screen1View.cpp:60:6:virtual void Screen1View::digitX3_scrollWheelUpdateCenterItem(digitX3_CustomContainer&, int16_t)	0	static
D:/TouchGFX/Calculeuse/TouchGFX/gui/src/screen1_screen/Screen1View.cpp:71:6:virtual void Screen1View::digitX4_scrollWheelUpdateCenterItem(digitX4_CustomContainer&, int16_t)	0	static
D:/TouchGFX/Calculeuse/TouchGFX/gui/src/screen1_screen/Screen1View.cpp:82:6:virtual void Screen1View::digitX5_scrollWheelUpdateCenterItem(digitX5_CustomContainer&, int16_t)	0	static
D:/TouchGFX/Calculeuse/TouchGFX/gui/src/screen1_screen/Screen1View.cpp:95:6:virtual void Screen1View::digitY0_scrollWheelUpdateCenterItem(digitY0_CustomContainer&, int16_t)	0	static
D:/TouchGFX/Calculeuse/TouchGFX/gui/src/screen1_screen/Screen1View.cpp:106:6:virtual void Screen1View::digitY1_scrollWheelUpdateCenterItem(digitY1_CustomContainer&, int16_t)	0	static
D:/TouchGFX/Calculeuse/TouchGFX/gui/src/screen1_screen/Screen1View.cpp:117:6:virtual void Screen1View::digitY2_scrollWheelUpdateCenterItem(digitY2_CustomContainer&, int16_t)	0	static
D:/TouchGFX/Calculeuse/TouchGFX/gui/src/screen1_screen/Screen1View.cpp:128:6:virtual void Screen1View::digitY3_scrollWheelUpdateCenterItem(digitY3_CustomContainer&, int16_t)	0	static
D:/TouchGFX/Calculeuse/TouchGFX/gui/src/screen1_screen/Screen1View.cpp:139:6:virtual void Screen1View::digitY4_scrollWheelUpdateCenterItem(digitY4_CustomContainer&, int16_t)	0	static
D:/TouchGFX/Calculeuse/TouchGFX/gui/src/screen1_screen/Screen1View.cpp:150:6:virtual void Screen1View::digitY5_scrollWheelUpdateCenterItem(digitY5_CustomContainer&, int16_t)	0	static
D:/TouchGFX/Calculeuse/TouchGFX/gui/src/screen1_screen/Screen1View.cpp:20:6:virtual void Screen1View::digitX0_scrollWheelUpdateItem(digitX0_CustomContainer&, int16_t)	8	static
D:/TouchGFX/Calculeuse/TouchGFX/gui/src/screen1_screen/Screen1View.cpp:32:6:virtual void Screen1View::digitX1_scrollWheelUpdateItem(digitX1_CustomContainer&, int16_t)	8	static
D:/TouchGFX/Calculeuse/TouchGFX/gui/src/screen1_screen/Screen1View.cpp:43:6:virtual void Screen1View::digitX2_scrollWheelUpdateItem(digitX2_CustomContainer&, int16_t)	8	static
D:/TouchGFX/Calculeuse/TouchGFX/gui/src/screen1_screen/Screen1View.cpp:54:6:virtual void Screen1View::digitX3_scrollWheelUpdateItem(digitX3_CustomContainer&, int16_t)	8	static
D:/TouchGFX/Calculeuse/TouchGFX/gui/src/screen1_screen/Screen1View.cpp:65:6:virtual void Screen1View::digitX4_scrollWheelUpdateItem(digitX4_CustomContainer&, int16_t)	8	static
D:/TouchGFX/Calculeuse/TouchGFX/gui/src/screen1_screen/Screen1View.cpp:76:6:virtual void Screen1View::digitX5_scrollWheelUpdateItem(digitX5_CustomContainer&, int16_t)	8	static
D:/TouchGFX/Calculeuse/TouchGFX/gui/src/screen1_screen/Screen1View.cpp:89:6:virtual void Screen1View::digitY0_scrollWheelUpdateItem(digitY0_CustomContainer&, int16_t)	8	static
D:/TouchGFX/Calculeuse/TouchGFX/gui/src/screen1_screen/Screen1View.cpp:100:6:virtual void Screen1View::digitY1_scrollWheelUpdateItem(digitY1_CustomContainer&, int16_t)	8	static
D:/TouchGFX/Calculeuse/TouchGFX/gui/src/screen1_screen/Screen1View.cpp:111:6:virtual void Screen1View::digitY2_scrollWheelUpdateItem(digitY2_CustomContainer&, int16_t)	8	static
D:/TouchGFX/Calculeuse/TouchGFX/gui/src/screen1_screen/Screen1View.cpp:122:6:virtual void Screen1View::digitY3_scrollWheelUpdateItem(digitY3_CustomContainer&, int16_t)	8	static
D:/TouchGFX/Calculeuse/TouchGFX/gui/src/screen1_screen/Screen1View.cpp:133:6:virtual void Screen1View::digitY4_scrollWheelUpdateItem(digitY4_CustomContainer&, int16_t)	8	static
D:/TouchGFX/Calculeuse/TouchGFX/gui/src/screen1_screen/Screen1View.cpp:144:6:virtual void Screen1View::digitY5_scrollWheelUpdateItem(digitY5_CustomContainer&, int16_t)	8	static
D:/TouchGFX/Calculeuse/TouchGFX/gui/src/screen1_screen/Screen1View.cpp:185:6:virtual void Screen1View::add_XY()	8	static
D:/TouchGFX/Calculeuse/TouchGFX/gui/src/screen1_screen/Screen1View.cpp:189:6:virtual void Screen1View::sub_XY()	8	static
D:/TouchGFX/Calculeuse/TouchGFX/gui/src/screen1_screen/Screen1View.cpp:193:6:virtual void Screen1View::mul_XY()	8	static
D:/TouchGFX/Calculeuse/TouchGFX/gui/src/screen1_screen/Screen1View.cpp:197:6:virtual void Screen1View::div_XY()	8	static
../../TouchGFX/gui/include/gui/screen1_screen/Screen1View.hpp:10:10:Screen1View::~Screen1View()	8	static
../../TouchGFX/gui/include/gui/screen1_screen/Screen1View.hpp:10:10:virtual Screen1View::~Screen1View()	8	static
D:/TouchGFX/Calculeuse/TouchGFX/gui/src/screen1_screen/Screen1View.cpp:3:1:Screen1View::Screen1View()	8	static
D:/TouchGFX/Calculeuse/TouchGFX/gui/src/screen1_screen/Screen1View.cpp:7:6:virtual void Screen1View::setupScreen()	8	static
D:/TouchGFX/Calculeuse/TouchGFX/gui/src/screen1_screen/Screen1View.cpp:158:6:virtual void Screen1View::raz_X()	8	static
D:/TouchGFX/Calculeuse/TouchGFX/gui/src/screen1_screen/Screen1View.cpp:173:6:virtual void Screen1View::raz_y()	8	static
D:/TouchGFX/Calculeuse/TouchGFX/gui/src/screen1_screen/Screen1View.cpp:212:6:void Screen1View::screen1DisplayX(const int8_t*, int8_t)	16	static
D:/TouchGFX/Calculeuse/TouchGFX/gui/src/screen1_screen/Screen1View.cpp:202:6:virtual void Screen1View::ok_function()	8	static
D:/TouchGFX/Calculeuse/TouchGFX/gui/src/screen1_screen/Screen1View.cpp:223:6:void Screen1View::screen1DisplayR(int32_t)	8	static
D:/TouchGFX/Calculeuse/TouchGFX/gui/src/screen1_screen/Screen1View.cpp:231:6:void Screen1View::screen1SendMessage(MessageX)	8	static
D:/TouchGFX/Calculeuse/TouchGFX/gui/src/screen1_screen/Screen1View.cpp:256:6:void Screen1View::screen1DisplayDebugX(int32_t)	8	static
D:/TouchGFX/Calculeuse/TouchGFX/gui/src/screen1_screen/Screen1View.cpp:263:6:void Screen1View::screen1DisplayDebugY(int32_t)	8	static
