../../Middlewares/ST/touchgfx/framework/include/touchgfx/Drawable.hpp:121:18:virtual void touchgfx::Drawable::invalidateContent() const	8	static
../../Middlewares/ST/touchgfx/framework/include/touchgfx/Drawable.hpp:147:23:virtual touchgfx::Drawable* touchgfx::Drawable::getFirstChild()	0	static
../../Middlewares/ST/touchgfx/framework/include/touchgfx/Drawable.hpp:315:18:virtual void touchgfx::Drawable::setX(int16_t)	0	static
../../Middlewares/ST/touchgfx/framework/include/touchgfx/Drawable.hpp:327:18:virtual void touchgfx::Drawable::setY(int16_t)	0	static
../../Middlewares/ST/touchgfx/framework/include/touchgfx/Drawable.hpp:356:18:virtual void touchgfx::Drawable::setWidth(int16_t)	0	static
../../Middlewares/ST/touchgfx/framework/include/touchgfx/Drawable.hpp:368:18:virtual void touchgfx::Drawable::setHeight(int16_t)	0	static
../../Middlewares/ST/touchgfx/framework/include/touchgfx/Drawable.hpp:378:18:virtual void touchgfx::Drawable::childGeometryChanged()	0	static
../../Middlewares/ST/touchgfx/framework/include/touchgfx/Drawable.hpp:389:18:virtual void touchgfx::Drawable::handleClickEvent(const touchgfx::ClickEvent&)	0	static
../../Middlewares/ST/touchgfx/framework/include/touchgfx/Drawable.hpp:401:18:virtual void touchgfx::Drawable::handleGestureEvent(const touchgfx::GestureEvent&)	0	static
../../Middlewares/ST/touchgfx/framework/include/touchgfx/Drawable.hpp:490:18:virtual void touchgfx::Drawable::handleDragEvent(const touchgfx::DragEvent&)	0	static
../../Middlewares/ST/touchgfx/framework/include/touchgfx/Drawable.hpp:501:18:virtual void touchgfx::Drawable::handleTickEvent()	0	static
../../Middlewares/ST/touchgfx/framework/include/touchgfx/Drawable.hpp:588:18:virtual void touchgfx::Drawable::moveTo(int16_t, int16_t)	8	static
../../Middlewares/ST/touchgfx/framework/include/touchgfx/Drawable.hpp:703:18:virtual void touchgfx::Drawable::setupDrawChain(const touchgfx::Rect&, touchgfx::Drawable**)	0	static
../../Middlewares/ST/touchgfx/framework/include/touchgfx/widgets/Widget.hpp:45:18:virtual void touchgfx::Widget::getLastChild(int16_t, int16_t, touchgfx::Drawable**)	0	static
../../Middlewares/ST/touchgfx/framework/include/touchgfx/Screen.hpp:93:18:virtual void touchgfx::Screen::setupScreen()	0	static
../../Middlewares/ST/touchgfx/framework/include/touchgfx/Screen.hpp:104:18:virtual void touchgfx::Screen::afterTransition()	0	static
../../Middlewares/ST/touchgfx/framework/include/touchgfx/Screen.hpp:115:18:virtual void touchgfx::Screen::tearDownScreen()	0	static
../../Middlewares/ST/touchgfx/framework/include/touchgfx/Screen.hpp:144:18:virtual void touchgfx::Screen::handleTickEvent()	0	static
../../Middlewares/ST/touchgfx/framework/include/touchgfx/Screen.hpp:154:18:virtual void touchgfx::Screen::handleKeyEvent(uint8_t)	0	static
../../Middlewares/ST/touchgfx/framework/include/touchgfx/widgets/canvas/AbstractPainter.hpp:61:34:virtual touchgfx::HAL::RenderingMethod touchgfx::AbstractPainter::getRenderingMethod() const	0	static
../../Middlewares/ST/touchgfx/framework/include/touchgfx/widgets/canvas/AbstractPainter.hpp:78:18:virtual bool touchgfx::AbstractPainter::setup(const touchgfx::Rect&) const	0	static
../../Middlewares/ST/touchgfx/framework/include/touchgfx/widgets/canvas/AbstractPainter.hpp:90:18:virtual void touchgfx::AbstractPainter::tearDown() const	0	static
../../Middlewares/ST/touchgfx/framework/include/touchgfx/widgets/canvas/AbstractPainterColor.hpp:49:13:touchgfx::AbstractPainterColor::~AbstractPainterColor()	0	static
../../Middlewares/ST/touchgfx/framework/include/touchgfx/widgets/canvas/AbstractPainterColor.hpp:58:18:virtual void touchgfx::AbstractPainterColor::setColor(touchgfx::colortype)	0	static
../../Middlewares/ST/touchgfx/framework/include/touchgfx/TypedText.hpp:65:13:touchgfx::TypedText::~TypedText()	0	static
../../Middlewares/ST/touchgfx/framework/include/touchgfx/widgets/TextArea.hpp:48:18:virtual void touchgfx::TextArea::setWidth(int16_t)	32	static
../../Middlewares/ST/touchgfx/framework/include/touchgfx/widgets/TextArea.hpp:54:18:virtual void touchgfx::TextArea::setHeight(int16_t)	32	static
../../Middlewares/ST/touchgfx/framework/include/touchgfx/widgets/TextArea.hpp:60:18:virtual touchgfx::Rect touchgfx::TextArea::getSolidRect() const	0	static
../../Middlewares/ST/touchgfx/framework/include/touchgfx/widgets/TextArea.hpp:89:18:virtual void touchgfx::TextArea::setAlpha(uint8_t)	0	static
../../Middlewares/ST/touchgfx/framework/include/touchgfx/widgets/TextArea.hpp:127:18:virtual void touchgfx::TextArea::setXBaselineY(int16_t, int16_t)	16	static
../../Middlewares/ST/touchgfx/framework/include/touchgfx/widgets/TextArea.hpp:403:41:virtual const touchgfx::Unicode::UnicodeChar* touchgfx::TextArea::getWildcard2() const	0	static
../../Middlewares/ST/touchgfx/framework/include/touchgfx/widgets/TextAreaWithWildcard.hpp:43:18:virtual void touchgfx::TextAreaWithWildcardBase::invalidateContent() const	8	static
../../Middlewares/ST/touchgfx/framework/include/touchgfx/widgets/TextAreaWithWildcard.hpp:49:36:virtual touchgfx::TextArea::BoundingArea touchgfx::TextAreaWithWildcardBase::calculateBoundingArea() const	0	static
../../Middlewares/ST/touchgfx/framework/include/touchgfx/widgets/TextAreaWithWildcard.hpp:84:41:virtual const touchgfx::Unicode::UnicodeChar* touchgfx::TextAreaWithOneWildcard::getWildcard1() const	0	static
../../TouchGFX/generated/gui_generated/include/gui_generated/screen1_screen/Screen1ViewBase.hpp:40:18:virtual void Screen1ViewBase::digitX0_scrollWheelUpdateItem(digitX0_CustomContainer&, int16_t)	0	static
../../TouchGFX/generated/gui_generated/include/gui_generated/screen1_screen/Screen1ViewBase.hpp:45:18:virtual void Screen1ViewBase::digitX1_scrollWheelUpdateItem(digitX1_CustomContainer&, int16_t)	0	static
../../TouchGFX/generated/gui_generated/include/gui_generated/screen1_screen/Screen1ViewBase.hpp:50:18:virtual void Screen1ViewBase::digitX2_scrollWheelUpdateItem(digitX2_CustomContainer&, int16_t)	0	static
../../TouchGFX/generated/gui_generated/include/gui_generated/screen1_screen/Screen1ViewBase.hpp:55:18:virtual void Screen1ViewBase::digitX3_scrollWheelUpdateItem(digitX3_CustomContainer&, int16_t)	0	static
../../TouchGFX/generated/gui_generated/include/gui_generated/screen1_screen/Screen1ViewBase.hpp:60:18:virtual void Screen1ViewBase::digitX4_scrollWheelUpdateItem(digitX4_CustomContainer&, int16_t)	0	static
../../TouchGFX/generated/gui_generated/include/gui_generated/screen1_screen/Screen1ViewBase.hpp:65:18:virtual void Screen1ViewBase::digitX5_scrollWheelUpdateItem(digitX5_CustomContainer&, int16_t)	0	static
../../TouchGFX/generated/gui_generated/include/gui_generated/screen1_screen/Screen1ViewBase.hpp:70:18:virtual void Screen1ViewBase::digitY0_scrollWheelUpdateItem(digitY0_CustomContainer&, int16_t)	0	static
../../TouchGFX/generated/gui_generated/include/gui_generated/screen1_screen/Screen1ViewBase.hpp:75:18:virtual void Screen1ViewBase::digitY1_scrollWheelUpdateItem(digitY1_CustomContainer&, int16_t)	0	static
../../TouchGFX/generated/gui_generated/include/gui_generated/screen1_screen/Screen1ViewBase.hpp:80:18:virtual void Screen1ViewBase::digitY2_scrollWheelUpdateItem(digitY2_CustomContainer&, int16_t)	0	static
../../TouchGFX/generated/gui_generated/include/gui_generated/screen1_screen/Screen1ViewBase.hpp:85:18:virtual void Screen1ViewBase::digitY3_scrollWheelUpdateItem(digitY3_CustomContainer&, int16_t)	0	static
../../TouchGFX/generated/gui_generated/include/gui_generated/screen1_screen/Screen1ViewBase.hpp:90:18:virtual void Screen1ViewBase::digitY4_scrollWheelUpdateItem(digitY4_CustomContainer&, int16_t)	0	static
../../TouchGFX/generated/gui_generated/include/gui_generated/screen1_screen/Screen1ViewBase.hpp:95:18:virtual void Screen1ViewBase::digitY5_scrollWheelUpdateItem(digitY5_CustomContainer&, int16_t)	0	static
../../TouchGFX/generated/gui_generated/include/gui_generated/screen1_screen/Screen1ViewBase.hpp:103:18:virtual void Screen1ViewBase::raz_X()	0	static
../../TouchGFX/generated/gui_generated/include/gui_generated/screen1_screen/Screen1ViewBase.hpp:107:18:virtual void Screen1ViewBase::raz_y()	0	static
../../TouchGFX/generated/gui_generated/include/gui_generated/screen1_screen/Screen1ViewBase.hpp:111:18:virtual void Screen1ViewBase::add_XY()	0	static
../../TouchGFX/generated/gui_generated/include/gui_generated/screen1_screen/Screen1ViewBase.hpp:115:18:virtual void Screen1ViewBase::sub_XY()	0	static
../../TouchGFX/generated/gui_generated/include/gui_generated/screen1_screen/Screen1ViewBase.hpp:119:18:virtual void Screen1ViewBase::mul_XY()	0	static
../../TouchGFX/generated/gui_generated/include/gui_generated/screen1_screen/Screen1ViewBase.hpp:123:18:virtual void Screen1ViewBase::div_XY()	0	static
../../TouchGFX/generated/gui_generated/include/gui_generated/screen1_screen/Screen1ViewBase.hpp:127:18:virtual void Screen1ViewBase::ok_function()	0	static
../../Middlewares/ST/touchgfx/framework/include/mvp/View.hpp:36:7:touchgfx::View<Screen1Presenter>::~View()	0	static
D:/TouchGFX/Calculeuse/TouchGFX/generated/gui_generated/src/screen1_screen/Screen1ViewBase.cpp:467:6:void Screen1ViewBase::buttonCallbackHandler(const touchgfx::AbstractButton&)	16	static
D:/TouchGFX/Calculeuse/TouchGFX/generated/gui_generated/src/screen1_screen/Screen1ViewBase.cpp:520:6:void Screen1ViewBase::updateItemCallbackHandler(touchgfx::DrawableListItemsInterface*, int16_t, int16_t)	24	static
../../Middlewares/ST/touchgfx/framework/include/touchgfx/containers/scrollers/DrawableList.hpp:101:21:int16_t touchgfx::DrawableListItems<TYPE, SIZE>::getNumberOfDrawables() [with TYPE = digitX0_CustomContainer; int SIZE = 2]	0	static
../../Middlewares/ST/touchgfx/framework/include/touchgfx/containers/scrollers/DrawableList.hpp:101:21:int16_t touchgfx::DrawableListItems<TYPE, SIZE>::getNumberOfDrawables() [with TYPE = digitX1_CustomContainer; int SIZE = 2]	0	static
../../Middlewares/ST/touchgfx/framework/include/touchgfx/containers/scrollers/DrawableList.hpp:101:21:int16_t touchgfx::DrawableListItems<TYPE, SIZE>::getNumberOfDrawables() [with TYPE = digitX2_CustomContainer; int SIZE = 2]	0	static
../../Middlewares/ST/touchgfx/framework/include/touchgfx/containers/scrollers/DrawableList.hpp:101:21:int16_t touchgfx::DrawableListItems<TYPE, SIZE>::getNumberOfDrawables() [with TYPE = digitX3_CustomContainer; int SIZE = 2]	0	static
../../Middlewares/ST/touchgfx/framework/include/touchgfx/containers/scrollers/DrawableList.hpp:101:21:int16_t touchgfx::DrawableListItems<TYPE, SIZE>::getNumberOfDrawables() [with TYPE = digitX4_CustomContainer; int SIZE = 2]	0	static
../../Middlewares/ST/touchgfx/framework/include/touchgfx/containers/scrollers/DrawableList.hpp:101:21:int16_t touchgfx::DrawableListItems<TYPE, SIZE>::getNumberOfDrawables() [with TYPE = digitX5_CustomContainer; int SIZE = 2]	0	static
../../Middlewares/ST/touchgfx/framework/include/touchgfx/containers/scrollers/DrawableList.hpp:101:21:int16_t touchgfx::DrawableListItems<TYPE, SIZE>::getNumberOfDrawables() [with TYPE = digitY0_CustomContainer; int SIZE = 2]	0	static
../../Middlewares/ST/touchgfx/framework/include/touchgfx/containers/scrollers/DrawableList.hpp:101:21:int16_t touchgfx::DrawableListItems<TYPE, SIZE>::getNumberOfDrawables() [with TYPE = digitY1_CustomContainer; int SIZE = 2]	0	static
../../Middlewares/ST/touchgfx/framework/include/touchgfx/containers/scrollers/DrawableList.hpp:101:21:int16_t touchgfx::DrawableListItems<TYPE, SIZE>::getNumberOfDrawables() [with TYPE = digitY2_CustomContainer; int SIZE = 2]	0	static
../../Middlewares/ST/touchgfx/framework/include/touchgfx/containers/scrollers/DrawableList.hpp:101:21:int16_t touchgfx::DrawableListItems<TYPE, SIZE>::getNumberOfDrawables() [with TYPE = digitY3_CustomContainer; int SIZE = 2]	0	static
../../Middlewares/ST/touchgfx/framework/include/touchgfx/containers/scrollers/DrawableList.hpp:101:21:int16_t touchgfx::DrawableListItems<TYPE, SIZE>::getNumberOfDrawables() [with TYPE = digitY4_CustomContainer; int SIZE = 2]	0	static
../../Middlewares/ST/touchgfx/framework/include/touchgfx/containers/scrollers/DrawableList.hpp:101:21:int16_t touchgfx::DrawableListItems<TYPE, SIZE>::getNumberOfDrawables() [with TYPE = digitY5_CustomContainer; int SIZE = 2]	0	static
../../Middlewares/ST/touchgfx/framework/include/touchgfx/Callback.hpp:357:8:touchgfx::Callback<Screen1ViewBase, const touchgfx::AbstractButton&>::~Callback()	0	static
../../Middlewares/ST/touchgfx/framework/include/touchgfx/Callback.hpp:218:8:touchgfx::Callback<Screen1ViewBase, touchgfx::DrawableListItemsInterface*, short int, short int>::~Callback()	0	static
../../Middlewares/ST/touchgfx/framework/include/touchgfx/containers/scrollers/DrawableList.hpp:79:7:touchgfx::DrawableListItems<digitY5_CustomContainer, 2>::~DrawableListItems()	16	static
../../Middlewares/ST/touchgfx/framework/include/touchgfx/containers/scrollers/DrawableList.hpp:79:7:touchgfx::DrawableListItems<digitY4_CustomContainer, 2>::~DrawableListItems()	16	static
../../Middlewares/ST/touchgfx/framework/include/touchgfx/containers/scrollers/DrawableList.hpp:79:7:touchgfx::DrawableListItems<digitY3_CustomContainer, 2>::~DrawableListItems()	16	static
../../Middlewares/ST/touchgfx/framework/include/touchgfx/containers/scrollers/DrawableList.hpp:79:7:touchgfx::DrawableListItems<digitY2_CustomContainer, 2>::~DrawableListItems()	16	static
../../Middlewares/ST/touchgfx/framework/include/touchgfx/containers/scrollers/DrawableList.hpp:79:7:touchgfx::DrawableListItems<digitY1_CustomContainer, 2>::~DrawableListItems()	16	static
../../Middlewares/ST/touchgfx/framework/include/touchgfx/containers/scrollers/DrawableList.hpp:79:7:touchgfx::DrawableListItems<digitY0_CustomContainer, 2>::~DrawableListItems()	16	static
../../Middlewares/ST/touchgfx/framework/include/touchgfx/containers/scrollers/DrawableList.hpp:79:7:touchgfx::DrawableListItems<digitX5_CustomContainer, 2>::~DrawableListItems()	16	static
../../Middlewares/ST/touchgfx/framework/include/touchgfx/containers/scrollers/DrawableList.hpp:79:7:touchgfx::DrawableListItems<digitX4_CustomContainer, 2>::~DrawableListItems()	16	static
../../Middlewares/ST/touchgfx/framework/include/touchgfx/containers/scrollers/DrawableList.hpp:79:7:touchgfx::DrawableListItems<digitX3_CustomContainer, 2>::~DrawableListItems()	16	static
../../Middlewares/ST/touchgfx/framework/include/touchgfx/containers/scrollers/DrawableList.hpp:79:7:touchgfx::DrawableListItems<digitX2_CustomContainer, 2>::~DrawableListItems()	16	static
../../Middlewares/ST/touchgfx/framework/include/touchgfx/containers/scrollers/DrawableList.hpp:79:7:touchgfx::DrawableListItems<digitX1_CustomContainer, 2>::~DrawableListItems()	16	static
../../Middlewares/ST/touchgfx/framework/include/touchgfx/containers/scrollers/DrawableList.hpp:79:7:touchgfx::DrawableListItems<digitX0_CustomContainer, 2>::~DrawableListItems()	16	static
../../Middlewares/ST/touchgfx/framework/include/touchgfx/widgets/TextAreaWithWildcard.hpp:62:7:touchgfx::TextAreaWithOneWildcard::~TextAreaWithOneWildcard()	0	static
../../Middlewares/ST/touchgfx/framework/include/touchgfx/Callback.hpp:386:18:void touchgfx::Callback<dest_type, T1, void, void>::execute(T1) [with dest_type = Screen1ViewBase; T1 = const touchgfx::AbstractButton&]	8	static
../../Middlewares/ST/touchgfx/framework/include/touchgfx/Callback.hpp:396:18:bool touchgfx::Callback<dest_type, T1, void, void>::isValid() const [with dest_type = Screen1ViewBase; T1 = const touchgfx::AbstractButton&]	0	static
../../Middlewares/ST/touchgfx/framework/include/touchgfx/Callback.hpp:250:18:void touchgfx::Callback<dest_type, T1, T2, T3>::execute(T1, T2, T3) [with dest_type = Screen1ViewBase; T1 = touchgfx::DrawableListItemsInterface*; T2 = short int; T3 = short int]	16	static
../../Middlewares/ST/touchgfx/framework/include/touchgfx/Callback.hpp:260:18:bool touchgfx::Callback<dest_type, T1, T2, T3>::isValid() const [with dest_type = Screen1ViewBase; T1 = touchgfx::DrawableListItemsInterface*; T2 = short int; T3 = short int]	0	static
../../Middlewares/ST/touchgfx/framework/include/touchgfx/widgets/canvas/AbstractPainterColor.hpp:49:13:virtual touchgfx::AbstractPainterColor::~AbstractPainterColor()	8	static
../../Middlewares/ST/touchgfx/framework/include/touchgfx/TypedText.hpp:65:13:virtual touchgfx::TypedText::~TypedText()	8	static
../../Middlewares/ST/touchgfx/framework/include/touchgfx/containers/scrollers/DrawableList.hpp:79:7:virtual touchgfx::DrawableListItems<digitX0_CustomContainer, 2>::~DrawableListItems()	8	static
../../Middlewares/ST/touchgfx/framework/include/touchgfx/containers/scrollers/DrawableList.hpp:79:7:virtual touchgfx::DrawableListItems<digitX1_CustomContainer, 2>::~DrawableListItems()	8	static
../../Middlewares/ST/touchgfx/framework/include/touchgfx/containers/scrollers/DrawableList.hpp:79:7:virtual touchgfx::DrawableListItems<digitX2_CustomContainer, 2>::~DrawableListItems()	8	static
../../Middlewares/ST/touchgfx/framework/include/touchgfx/containers/scrollers/DrawableList.hpp:79:7:virtual touchgfx::DrawableListItems<digitX3_CustomContainer, 2>::~DrawableListItems()	8	static
../../Middlewares/ST/touchgfx/framework/include/touchgfx/containers/scrollers/DrawableList.hpp:79:7:virtual touchgfx::DrawableListItems<digitX4_CustomContainer, 2>::~DrawableListItems()	8	static
../../Middlewares/ST/touchgfx/framework/include/touchgfx/containers/scrollers/DrawableList.hpp:79:7:virtual touchgfx::DrawableListItems<digitX5_CustomContainer, 2>::~DrawableListItems()	8	static
../../Middlewares/ST/touchgfx/framework/include/touchgfx/containers/scrollers/DrawableList.hpp:79:7:virtual touchgfx::DrawableListItems<digitY0_CustomContainer, 2>::~DrawableListItems()	8	static
../../Middlewares/ST/touchgfx/framework/include/touchgfx/containers/scrollers/DrawableList.hpp:79:7:virtual touchgfx::DrawableListItems<digitY1_CustomContainer, 2>::~DrawableListItems()	8	static
../../Middlewares/ST/touchgfx/framework/include/touchgfx/containers/scrollers/DrawableList.hpp:79:7:virtual touchgfx::DrawableListItems<digitY2_CustomContainer, 2>::~DrawableListItems()	8	static
../../Middlewares/ST/touchgfx/framework/include/touchgfx/containers/scrollers/DrawableList.hpp:79:7:virtual touchgfx::DrawableListItems<digitY3_CustomContainer, 2>::~DrawableListItems()	8	static
../../Middlewares/ST/touchgfx/framework/include/touchgfx/containers/scrollers/DrawableList.hpp:79:7:virtual touchgfx::DrawableListItems<digitY4_CustomContainer, 2>::~DrawableListItems()	8	static
../../Middlewares/ST/touchgfx/framework/include/touchgfx/containers/scrollers/DrawableList.hpp:79:7:virtual touchgfx::DrawableListItems<digitY5_CustomContainer, 2>::~DrawableListItems()	8	static
../../Middlewares/ST/touchgfx/framework/include/touchgfx/widgets/TextAreaWithWildcard.hpp:62:7:virtual touchgfx::TextAreaWithOneWildcard::~TextAreaWithOneWildcard()	8	static
../../Middlewares/ST/touchgfx/framework/include/mvp/View.hpp:36:7:virtual touchgfx::View<Screen1Presenter>::~View()	8	static
../../Middlewares/ST/touchgfx/framework/include/touchgfx/Callback.hpp:218:8:virtual touchgfx::Callback<Screen1ViewBase, touchgfx::DrawableListItemsInterface*, short int, short int>::~Callback()	8	static
../../Middlewares/ST/touchgfx/framework/include/touchgfx/Callback.hpp:357:8:virtual touchgfx::Callback<Screen1ViewBase, const touchgfx::AbstractButton&>::~Callback()	8	static
../../Middlewares/ST/touchgfx/framework/include/touchgfx/containers/scrollers/DrawableList.hpp:82:23:touchgfx::Drawable* touchgfx::DrawableListItems<TYPE, SIZE>::getDrawable(int16_t) [with TYPE = digitX0_CustomContainer; int SIZE = 2]	8	static
../../Middlewares/ST/touchgfx/framework/include/touchgfx/containers/scrollers/DrawableList.hpp:82:23:touchgfx::Drawable* touchgfx::DrawableListItems<TYPE, SIZE>::getDrawable(int16_t) [with TYPE = digitX1_CustomContainer; int SIZE = 2]	8	static
../../Middlewares/ST/touchgfx/framework/include/touchgfx/containers/scrollers/DrawableList.hpp:82:23:touchgfx::Drawable* touchgfx::DrawableListItems<TYPE, SIZE>::getDrawable(int16_t) [with TYPE = digitX2_CustomContainer; int SIZE = 2]	8	static
../../Middlewares/ST/touchgfx/framework/include/touchgfx/containers/scrollers/DrawableList.hpp:82:23:touchgfx::Drawable* touchgfx::DrawableListItems<TYPE, SIZE>::getDrawable(int16_t) [with TYPE = digitX3_CustomContainer; int SIZE = 2]	8	static
../../Middlewares/ST/touchgfx/framework/include/touchgfx/containers/scrollers/DrawableList.hpp:82:23:touchgfx::Drawable* touchgfx::DrawableListItems<TYPE, SIZE>::getDrawable(int16_t) [with TYPE = digitX4_CustomContainer; int SIZE = 2]	8	static
../../Middlewares/ST/touchgfx/framework/include/touchgfx/containers/scrollers/DrawableList.hpp:82:23:touchgfx::Drawable* touchgfx::DrawableListItems<TYPE, SIZE>::getDrawable(int16_t) [with TYPE = digitX5_CustomContainer; int SIZE = 2]	8	static
../../Middlewares/ST/touchgfx/framework/include/touchgfx/containers/scrollers/DrawableList.hpp:82:23:touchgfx::Drawable* touchgfx::DrawableListItems<TYPE, SIZE>::getDrawable(int16_t) [with TYPE = digitY0_CustomContainer; int SIZE = 2]	8	static
../../Middlewares/ST/touchgfx/framework/include/touchgfx/containers/scrollers/DrawableList.hpp:82:23:touchgfx::Drawable* touchgfx::DrawableListItems<TYPE, SIZE>::getDrawable(int16_t) [with TYPE = digitY1_CustomContainer; int SIZE = 2]	8	static
../../Middlewares/ST/touchgfx/framework/include/touchgfx/containers/scrollers/DrawableList.hpp:82:23:touchgfx::Drawable* touchgfx::DrawableListItems<TYPE, SIZE>::getDrawable(int16_t) [with TYPE = digitY2_CustomContainer; int SIZE = 2]	8	static
../../Middlewares/ST/touchgfx/framework/include/touchgfx/containers/scrollers/DrawableList.hpp:82:23:touchgfx::Drawable* touchgfx::DrawableListItems<TYPE, SIZE>::getDrawable(int16_t) [with TYPE = digitY3_CustomContainer; int SIZE = 2]	8	static
../../Middlewares/ST/touchgfx/framework/include/touchgfx/containers/scrollers/DrawableList.hpp:82:23:touchgfx::Drawable* touchgfx::DrawableListItems<TYPE, SIZE>::getDrawable(int16_t) [with TYPE = digitY4_CustomContainer; int SIZE = 2]	8	static
../../Middlewares/ST/touchgfx/framework/include/touchgfx/containers/scrollers/DrawableList.hpp:82:23:touchgfx::Drawable* touchgfx::DrawableListItems<TYPE, SIZE>::getDrawable(int16_t) [with TYPE = digitY5_CustomContainer; int SIZE = 2]	8	static
../../Middlewares/ST/touchgfx/framework/include/touchgfx/widgets/TextArea.hpp:111:18:virtual void touchgfx::TextArea::setBaselineY(int16_t)	16	static
D:/TouchGFX/Calculeuse/TouchGFX/generated/gui_generated/src/screen1_screen/Screen1ViewBase.cpp:403:6:virtual void Screen1ViewBase::setupScreen()	16	static
D:/TouchGFX/Calculeuse/TouchGFX/generated/gui_generated/src/screen1_screen/Screen1ViewBase.cpp:398:1:Screen1ViewBase::~Screen1ViewBase()	40	static
D:/TouchGFX/Calculeuse/TouchGFX/generated/gui_generated/src/screen1_screen/Screen1ViewBase.cpp:398:1:virtual Screen1ViewBase::~Screen1ViewBase()	8	static
../../Middlewares/ST/touchgfx/framework/include/touchgfx/Drawable.hpp:343:10:void touchgfx::Drawable::setXY(int16_t, int16_t)	16	static
../../Middlewares/ST/touchgfx/framework/include/touchgfx/Drawable.hpp:413:10:void touchgfx::Drawable::setWidthHeight(int16_t, int16_t)	16	static
../../Middlewares/ST/touchgfx/framework/include/touchgfx/containers/Container.hpp:43:5:touchgfx::Container::Container()	0	static
../../Middlewares/ST/touchgfx/framework/include/touchgfx/widgets/Widget.hpp:36:7:touchgfx::Widget::Widget()	0	static
../../Middlewares/ST/touchgfx/framework/include/touchgfx/widgets/Box.hpp:33:5:touchgfx::Box::Box()	8	static
../../Middlewares/ST/touchgfx/framework/include/touchgfx/widgets/Image.hpp:50:5:touchgfx::Image::Image(const touchgfx::Bitmap&)	16	static
../../Middlewares/ST/touchgfx/framework/include/touchgfx/widgets/canvas/AbstractPainterRGB565.hpp:41:5:touchgfx::AbstractPainterRGB565::AbstractPainterRGB565()	16	static
../../Middlewares/ST/touchgfx/framework/include/touchgfx/widgets/canvas/PainterRGB565.hpp:42:5:touchgfx::PainterRGB565::PainterRGB565(touchgfx::colortype)	16	static
../../Middlewares/ST/touchgfx/framework/include/touchgfx/widgets/canvas/PainterRGB565.hpp:47:18:virtual void touchgfx::PainterRGB565::setColor(touchgfx::colortype)	0	static
../../Middlewares/ST/touchgfx/framework/include/touchgfx/widgets/ButtonWithLabel.hpp:132:10:void touchgfx::ButtonWithLabel::updateTextPosition()	24	static
../../Middlewares/ST/touchgfx/framework/include/touchgfx/widgets/TextArea.hpp:43:5:touchgfx::TextArea::TextArea()	8	static
../../Middlewares/ST/touchgfx/framework/include/touchgfx/containers/scrollers/DrawableList.hpp:79:7:touchgfx::DrawableListItems<digitX0_CustomContainer, 2>::DrawableListItems()	16	static
../../Middlewares/ST/touchgfx/framework/include/touchgfx/containers/scrollers/DrawableList.hpp:79:7:touchgfx::DrawableListItems<digitX1_CustomContainer, 2>::DrawableListItems()	16	static
../../Middlewares/ST/touchgfx/framework/include/touchgfx/containers/scrollers/DrawableList.hpp:79:7:touchgfx::DrawableListItems<digitX2_CustomContainer, 2>::DrawableListItems()	16	static
../../Middlewares/ST/touchgfx/framework/include/touchgfx/containers/scrollers/DrawableList.hpp:79:7:touchgfx::DrawableListItems<digitX3_CustomContainer, 2>::DrawableListItems()	16	static
../../Middlewares/ST/touchgfx/framework/include/touchgfx/containers/scrollers/DrawableList.hpp:79:7:touchgfx::DrawableListItems<digitX4_CustomContainer, 2>::DrawableListItems()	16	static
../../Middlewares/ST/touchgfx/framework/include/touchgfx/containers/scrollers/DrawableList.hpp:79:7:touchgfx::DrawableListItems<digitX5_CustomContainer, 2>::DrawableListItems()	16	static
../../Middlewares/ST/touchgfx/framework/include/touchgfx/containers/scrollers/DrawableList.hpp:79:7:touchgfx::DrawableListItems<digitY0_CustomContainer, 2>::DrawableListItems()	16	static
../../Middlewares/ST/touchgfx/framework/include/touchgfx/containers/scrollers/DrawableList.hpp:79:7:touchgfx::DrawableListItems<digitY1_CustomContainer, 2>::DrawableListItems()	16	static
../../Middlewares/ST/touchgfx/framework/include/touchgfx/containers/scrollers/DrawableList.hpp:79:7:touchgfx::DrawableListItems<digitY2_CustomContainer, 2>::DrawableListItems()	16	static
../../Middlewares/ST/touchgfx/framework/include/touchgfx/containers/scrollers/DrawableList.hpp:79:7:touchgfx::DrawableListItems<digitY3_CustomContainer, 2>::DrawableListItems()	16	static
../../Middlewares/ST/touchgfx/framework/include/touchgfx/containers/scrollers/DrawableList.hpp:79:7:touchgfx::DrawableListItems<digitY4_CustomContainer, 2>::DrawableListItems()	16	static
../../Middlewares/ST/touchgfx/framework/include/touchgfx/containers/scrollers/DrawableList.hpp:79:7:touchgfx::DrawableListItems<digitY5_CustomContainer, 2>::DrawableListItems()	16	static
../../Middlewares/ST/touchgfx/framework/include/touchgfx/widgets/canvas/Circle.hpp:100:10:void touchgfx::Circle::setCenter(T, T) [with T = int]	0	static
../../Middlewares/ST/touchgfx/framework/include/touchgfx/widgets/canvas/Circle.hpp:195:10:void touchgfx::Circle::setArc(T, T) [with T = int]	0	static
../../Middlewares/ST/touchgfx/framework/include/touchgfx/widgets/canvas/Circle.hpp:162:10:void touchgfx::Circle::setRadius(T) [with T = float]	0	static
../../Middlewares/ST/touchgfx/framework/include/touchgfx/widgets/canvas/Circle.hpp:374:10:void touchgfx::Circle::setLineWidth(T) [with T = int]	0	static
D:/TouchGFX/Calculeuse/TouchGFX/generated/gui_generated/src/screen1_screen/Screen1ViewBase.cpp:10:1:Screen1ViewBase::Screen1ViewBase()	496	static
